// Jest Snapshot v1, https://goo.gl/fbAQLP

exports[`MakeReservationInput Rendering, Initial values Rendering should match to snapshot: Laundromat Page 1`] = `ShallowWrapper {}`;
